BL51 BANKED LINKER/LOCATER V6.22                                                        06/19/2020  16:42:44  PAGE 1


BL51 BANKED LINKER/LOCATER V6.22, INVOKED BY:
D:\KEIL4\A1\C51\BIN\BL51.EXE STARTUP.obj, main.obj TO serial RAMSIZE (256)


MEMORY MODEL: SMALL


INPUT MODULES INCLUDED:
  STARTUP.obj (?C_STARTUP)
  main.obj (MAIN)
  D:\KEIL4\A1\C51\LIB\C51S.LIB (?C_INIT)
  D:\KEIL4\A1\C51\LIB\C51S.LIB (PRINTF)
  D:\KEIL4\A1\C51\LIB\C51S.LIB (?C?CLDPTR)
  D:\KEIL4\A1\C51\LIB\C51S.LIB (?C?CLDOPTR)
  D:\KEIL4\A1\C51\LIB\C51S.LIB (?C?CSTPTR)
  D:\KEIL4\A1\C51\LIB\C51S.LIB (?C?PLDIIDATA)
  D:\KEIL4\A1\C51\LIB\C51S.LIB (?C?CCASE)
  D:\KEIL4\A1\C51\LIB\C51S.LIB (PUTCHAR)


LINK MAP OF MODULE:  serial (?C_STARTUP)


            TYPE    BASE      LENGTH    RELOCATION   SEGMENT NAME
            -----------------------------------------------------

            * * * * * * *   D A T A   M E M O R Y   * * * * * * *
            REG     0000H     0008H     ABSOLUTE     "REG BANK 0"
            DATA    0008H     0014H     UNIT         _DATA_GROUP_
            DATA    001CH     0002H     UNIT         ?DT?MAIN
                    001EH     0002H                  *** GAP ***
            BIT     0020H.0   0001H.1   UNIT         _BIT_GROUP_
                    0021H.1   0000H.7                *** GAP ***
            IDATA   0022H     0001H     UNIT         ?STACK

            * * * * * * *   C O D E   M E M O R Y   * * * * * * *
            CODE    0000H     0003H     ABSOLUTE     
            CODE    0003H     035CH     UNIT         ?PR?PRINTF?PRINTF
            CODE    035FH     008EH     UNIT         ?C?LIB_CODE
            CODE    03EDH     008CH     UNIT         ?C_C51STARTUP
            CODE    0479H     0035H     UNIT         ?PR?GET_0832_AD_DATA?MAIN
            CODE    04AEH     0027H     UNIT         ?PR?PUTCHAR?PUTCHAR
            CODE    04D5H     0025H     UNIT         ?PR?MAIN?MAIN
            CODE    04FAH     001AH     UNIT         ?PR?_DELAY_MS?MAIN
            CODE    0514H     0017H     UNIT         ?PR?INITUART?MAIN
            CODE    052BH     0014H     UNIT         ?CO?MAIN
            CODE    053FH     0005H     UNIT         ?C_INITSEG



OVERLAY MAP OF MODULE:   serial (?C_STARTUP)


SEGMENT                              BIT_GROUP          DATA_GROUP 
  +--> CALLED SEGMENT             START    LENGTH     START    LENGTH
---------------------------------------------------------------------
?C_C51STARTUP                     -----    -----      -----    -----
  +--> ?PR?MAIN?MAIN
BL51 BANKED LINKER/LOCATER V6.22                                                      06/19/2020  16:42:44  PAGE 2


  +--> ?C_INITSEG

?PR?MAIN?MAIN                     -----    -----      -----    -----
  +--> ?PR?INITUART?MAIN
  +--> ?PR?_DELAY_MS?MAIN
  +--> ?PR?GET_0832_AD_DATA?MAIN
  +--> ?CO?MAIN
  +--> ?PR?PRINTF?PRINTF

?PR?GET_0832_AD_DATA?MAIN         0020H.0  0000H.1    -----    -----

?PR?PRINTF?PRINTF                 0020H.0  0001H.1    0008H    0014H
  +--> ?PR?PUTCHAR?PUTCHAR



SYMBOL TABLE OF MODULE:  serial (?C_STARTUP)

  VALUE           TYPE          NAME
  ----------------------------------

  -------         MODULE        ?C_STARTUP
  C:03EDH         SEGMENT       ?C_C51STARTUP
  I:0022H         SEGMENT       ?STACK
  C:0000H         PUBLIC        ?C_STARTUP
  D:00E0H         SYMBOL        ACC
  D:00F0H         SYMBOL        B
  D:0083H         SYMBOL        DPH
  D:0082H         SYMBOL        DPL
  N:0000H         SYMBOL        IBPSTACK
  N:0100H         SYMBOL        IBPSTACKTOP
  N:0080H         SYMBOL        IDATALEN
  C:03F0H         SYMBOL        IDATALOOP
  N:0000H         SYMBOL        PBPSTACK
  N:0100H         SYMBOL        PBPSTACKTOP
  N:0000H         SYMBOL        PDATALEN
  N:0000H         SYMBOL        PDATASTART
  N:0000H         SYMBOL        PPAGE
  N:0000H         SYMBOL        PPAGEENABLE
  D:00A0H         SYMBOL        PPAGE_SFR
  D:0081H         SYMBOL        SP
  C:03EDH         SYMBOL        STARTUP1
  N:0000H         SYMBOL        XBPSTACK
  N:0000H         SYMBOL        XBPSTACKTOP
  N:0000H         SYMBOL        XDATALEN
  N:0000H         SYMBOL        XDATASTART
  C:0000H         LINE#         126
  C:03EDH         LINE#         133
  C:03EFH         LINE#         134
  C:03F0H         LINE#         135
  C:03F1H         LINE#         136
  C:03F3H         LINE#         185
  C:03F6H         LINE#         196
  -------         ENDMOD        ?C_STARTUP

  -------         MODULE        MAIN
  C:0000H         SYMBOL        _ICE_DUMMY_
BL51 BANKED LINKER/LOCATER V6.22                                                      06/19/2020  16:42:44  PAGE 3


  D:0090H         PUBLIC        P1
  D:00B0H         PUBLIC        P3
  B:00A8H.7       PUBLIC        EA
  B:0090H.3       PUBLIC        ADC0832_CS
  D:00A8H         PUBLIC        IE
  B:00A8H.4       PUBLIC        ES
  D:00B8H         PUBLIC        IP
  B:0098H.1       PUBLIC        TI
  D:001CH         PUBLIC        adcv
  B:00B8H.4       PUBLIC        PS
  C:04D5H         PUBLIC        main
  D:0098H         PUBLIC        SCON
  D:0089H         PUBLIC        TMOD
  D:0088H         PUBLIC        TCON
  D:008DH         PUBLIC        TH1
  D:008BH         PUBLIC        TL1
  C:0479H         PUBLIC        get_0832_AD_data
  B:0090H.4       PUBLIC        ADC0832_CLK
  C:04FAH         PUBLIC        _delay_ms
  C:0514H         PUBLIC        InitUART
  B:0090H.5       PUBLIC        ADC0832_DIO
  B:0088H.6       PUBLIC        TR1
  D:00C8H         PUBLIC        T2CON
  D:00D0H         PUBLIC        PSW
  -------         PROC          GET_0832_AD_DATA
  B:0020H.0       SYMBOL        channel
  -------         DO            
  D:0006H         SYMBOL        i
  D:0007H         SYMBOL        dat
  -------         ENDDO         
  C:0479H         LINE#         14
  C:0479H         LINE#         15
  C:0479H         LINE#         18
  C:047BH         LINE#         19
  C:047DH         LINE#         20
  C:047FH         LINE#         21
  C:0481H         LINE#         22
  C:0483H         LINE#         23
  C:0485H         LINE#         24
  C:0487H         LINE#         25
  C:0489H         LINE#         26
  C:048BH         LINE#         27
  C:048FH         LINE#         28
  C:0491H         LINE#         29
  C:0493H         LINE#         30
  C:0495H         LINE#         31
  C:0497H         LINE#         32
  C:0499H         LINE#         33
  C:0499H         LINE#         34
  C:049BH         LINE#         35
  C:049DH         LINE#         36
  C:04A1H         LINE#         37
  C:04A7H         LINE#         38
  C:04ABH         LINE#         39
  C:04ADH         LINE#         40
  C:04ADH         LINE#         41
  -------         ENDPROC       GET_0832_AD_DATA
BL51 BANKED LINKER/LOCATER V6.22                                                      06/19/2020  16:42:44  PAGE 4


  -------         PROC          INITUART
  C:0514H         LINE#         6
  C:0514H         LINE#         7
  C:0514H         LINE#         8
  C:0517H         LINE#         9
  C:051AH         LINE#         10
  C:051DH         LINE#         11
  C:0520H         LINE#         12
  C:0522H         LINE#         13
  C:0524H         LINE#         14
  C:0526H         LINE#         15
  C:0528H         LINE#         16
  C:052AH         LINE#         17
  -------         ENDPROC       INITUART
  -------         PROC          _DELAY_MS
  D:0006H         SYMBOL        t
  -------         DO            
  D:0004H         SYMBOL        a
  D:0005H         SYMBOL        b
  -------         ENDDO         
  C:04FAH         LINE#         19
  C:04FAH         LINE#         20
  C:04FAH         LINE#         22
  C:0504H         LINE#         23
  C:0504H         LINE#         24
  C:050CH         LINE#         25
  C:0513H         LINE#         26
  C:0513H         LINE#         27
  -------         ENDPROC       _DELAY_MS
  -------         PROC          MAIN
  C:04D5H         LINE#         31
  C:04D5H         LINE#         32
  C:04D5H         LINE#         33
  C:04D8H         LINE#         35
  C:04D8H         LINE#         36
  C:04D8H         LINE#         37
  C:04DFH         LINE#         38
  C:04E9H         LINE#         39
  C:04F8H         LINE#         40
  -------         ENDPROC       MAIN
  -------         ENDMOD        MAIN

  -------         MODULE        PRINTF
  D:0008H         PUBLIC        ?_PRINTF517?BYTE
  D:0008H         PUBLIC        ?_PRINTF?BYTE
  D:0008H         PUBLIC        ?_SPRINTF517?BYTE
  D:0008H         PUBLIC        ?_SPRINTF?BYTE
  C:0065H         PUBLIC        _PRINTF
  C:0065H         PUBLIC        _PRINTF517
  C:005FH         PUBLIC        _SPRINTF
  C:005FH         PUBLIC        _SPRINTF517
  -------         ENDMOD        PRINTF

  -------         MODULE        ?C?CLDPTR
  C:035FH         PUBLIC        ?C?CLDPTR
  -------         ENDMOD        ?C?CLDPTR

BL51 BANKED LINKER/LOCATER V6.22                                                      06/19/2020  16:42:44  PAGE 5


  -------         MODULE        ?C?CLDOPTR
  C:0378H         PUBLIC        ?C?CLDOPTR
  -------         ENDMOD        ?C?CLDOPTR

  -------         MODULE        ?C?CSTPTR
  C:03A5H         PUBLIC        ?C?CSTPTR
  -------         ENDMOD        ?C?CSTPTR

  -------         MODULE        ?C?PLDIIDATA
  C:03B7H         PUBLIC        ?C?PLDIIDATA
  -------         ENDMOD        ?C?PLDIIDATA

  -------         MODULE        ?C?CCASE
  C:03C7H         PUBLIC        ?C?CCASE
  -------         ENDMOD        ?C?CCASE

  -------         MODULE        PUTCHAR
  C:04AEH         PUBLIC        _PUTCHAR
  -------         ENDMOD        PUTCHAR

Program Size: data=32.1 xdata=0 code=1348
LINK/LOCATE RUN COMPLETE.  0 WARNING(S),  0 ERROR(S)
